<?xml version="1.0" encoding="ISO-8859-1" ?>
<link_info>
   <banner>TI ARM Linker PC v20.2.7.LTS</banner>
   <copyright>Copyright (c) 1996-2018 Texas Instruments Incorporated</copyright>
   <link_time>0x6914faca</link_time>
   <link_errors>0x0</link_errors>
   <output_file>Lab8.out</output_file>
   <entry_point>
      <name>_c_int00_noargs</name>
      <address>0x3f71</address>
   </entry_point>
   <input_file_list>
      <input_file id="fl-2">
         <path>.\</path>
         <kind>object</kind>
         <file>lab8_main.obj</file>
         <name>lab8_main.obj</name>
      </input_file>
      <input_file id="fl-3">
         <path>.\</path>
         <kind>object</kind>
         <file>ranger.obj</file>
         <name>ranger.obj</name>
      </input_file>
      <input_file id="fl-4">
         <path>.\</path>
         <kind>object</kind>
         <file>seg7digit.obj</file>
         <name>seg7digit.obj</name>
      </input_file>
      <input_file id="fl-5">
         <path>.\</path>
         <kind>object</kind>
         <file>seg7raw.obj</file>
         <name>seg7raw.obj</name>
      </input_file>
      <input_file id="fl-6">
         <path>.\</path>
         <kind>object</kind>
         <file>tm4c123gh6pm_startup_ccs.obj</file>
         <name>tm4c123gh6pm_startup_ccs.obj</name>
      </input_file>
      <input_file id="fl-c">
         <kind>object</kind>
         <file>&lt;internal&gt;</file>
         <name>&lt;internal&gt;</name>
      </input_file>
      <input_file id="fl-c2">
         <path>C:\ti\ccs1281\ccs\tools\compiler\ti-cgt-arm_20.2.7.LTS\lib\</path>
         <kind>archive</kind>
         <file>rtsv7M4_T_le_v4SPD16_eabi.lib</file>
         <name>fd_div_t2.asm.obj</name>
      </input_file>
      <input_file id="fl-c3">
         <path>C:\ti\ccs1281\ccs\tools\compiler\ti-cgt-arm_20.2.7.LTS\lib\</path>
         <kind>archive</kind>
         <file>rtsv7M4_T_le_v4SPD16_eabi.lib</file>
         <name>fd_mul_t2.asm.obj</name>
      </input_file>
      <input_file id="fl-c4">
         <path>C:\ti\ccs1281\ccs\tools\compiler\ti-cgt-arm_20.2.7.LTS\lib\</path>
         <kind>archive</kind>
         <file>rtsv7M4_T_le_v4SPD16_eabi.lib</file>
         <name>fd_tou_t2.asm.obj</name>
      </input_file>
      <input_file id="fl-c5">
         <path>C:\ti\ccs1281\ccs\tools\compiler\ti-cgt-arm_20.2.7.LTS\lib\</path>
         <kind>archive</kind>
         <file>rtsv7M4_T_le_v4SPD16_eabi.lib</file>
         <name>u_tofd_t2.asm.obj</name>
      </input_file>
      <input_file id="fl-c6">
         <path>C:\ti\ccs1281\ccs\tools\compiler\ti-cgt-arm_20.2.7.LTS\lib\</path>
         <kind>archive</kind>
         <file>rtsv7M4_T_le_v4SPD16_eabi.lib</file>
         <name>copy_zero_init.c.obj</name>
      </input_file>
      <input_file id="fl-c7">
         <path>C:\ti\ccs1281\ccs\tools\compiler\ti-cgt-arm_20.2.7.LTS\lib\</path>
         <kind>archive</kind>
         <file>rtsv7M4_T_le_v4SPD16_eabi.lib</file>
         <name>copy_decompress_none.c.obj</name>
      </input_file>
      <input_file id="fl-c8">
         <path>C:\ti\ccs1281\ccs\tools\compiler\ti-cgt-arm_20.2.7.LTS\lib\</path>
         <kind>archive</kind>
         <file>rtsv7M4_T_le_v4SPD16_eabi.lib</file>
         <name>copy_decompress_lzss.c.obj</name>
      </input_file>
      <input_file id="fl-c9">
         <path>C:\ti\ccs1281\ccs\tools\compiler\ti-cgt-arm_20.2.7.LTS\lib\</path>
         <kind>archive</kind>
         <file>rtsv7M4_T_le_v4SPD16_eabi.lib</file>
         <name>boot_cortex_m.c.obj</name>
      </input_file>
      <input_file id="fl-ca">
         <path>C:\ti\ccs1281\ccs\tools\compiler\ti-cgt-arm_20.2.7.LTS\lib\</path>
         <kind>archive</kind>
         <file>rtsv7M4_T_le_v4SPD16_eabi.lib</file>
         <name>memcpy_t2.asm.obj</name>
      </input_file>
      <input_file id="fl-cb">
         <path>C:\ti\ccs1281\ccs\tools\compiler\ti-cgt-arm_20.2.7.LTS\lib\</path>
         <kind>archive</kind>
         <file>rtsv7M4_T_le_v4SPD16_eabi.lib</file>
         <name>memset_t2.asm.obj</name>
      </input_file>
      <input_file id="fl-cc">
         <path>C:\ti\ccs1281\ccs\tools\compiler\ti-cgt-arm_20.2.7.LTS\lib\</path>
         <kind>archive</kind>
         <file>rtsv7M4_T_le_v4SPD16_eabi.lib</file>
         <name>autoinit.c.obj</name>
      </input_file>
      <input_file id="fl-cd">
         <path>C:\ti\ccs1281\ccs\tools\compiler\ti-cgt-arm_20.2.7.LTS\lib\</path>
         <kind>archive</kind>
         <file>rtsv7M4_T_le_v4SPD16_eabi.lib</file>
         <name>pre_init.c.obj</name>
      </input_file>
      <input_file id="fl-ce">
         <path>C:\ti\ccs1281\ccs\tools\compiler\ti-cgt-arm_20.2.7.LTS\lib\</path>
         <kind>archive</kind>
         <file>rtsv7M4_T_le_v4SPD16_eabi.lib</file>
         <name>cpy_tbl.c.obj</name>
      </input_file>
      <input_file id="fl-cf">
         <path>C:\ti\ccs1281\ccs\tools\compiler\ti-cgt-arm_20.2.7.LTS\lib\</path>
         <kind>archive</kind>
         <file>rtsv7M4_T_le_v4SPD16_eabi.lib</file>
         <name>exit.c.obj</name>
      </input_file>
      <input_file id="fl-d0">
         <path>C:\ti\ccs1281\ccs\tools\compiler\ti-cgt-arm_20.2.7.LTS\lib\</path>
         <kind>archive</kind>
         <file>rtsv7M4_T_le_v4SPD16_eabi.lib</file>
         <name>_lock.c.obj</name>
      </input_file>
      <input_file id="fl-d1">
         <path>C:\ti\ccs1281\ccs\tools\compiler\ti-cgt-arm_20.2.7.LTS\lib\</path>
         <kind>archive</kind>
         <file>rtsv7M4_T_le_v4SPD16_eabi.lib</file>
         <name>args_main.c.obj</name>
      </input_file>
      <input_file id="fl-d2">
         <path>C:\Users\iogun\OneDrive\Desktop\ECE 266 (FA25 - Labs)\LabGroupC5\Util\Debug\</path>
         <kind>archive</kind>
         <file>Util.lib</file>
         <name>event.obj</name>
      </input_file>
      <input_file id="fl-d3">
         <path>C:\Users\iogun\OneDrive\Desktop\ECE 266 (FA25 - Labs)\LabGroupC5\Util\Debug\</path>
         <kind>archive</kind>
         <file>Util.lib</file>
         <name>launchpad.obj</name>
      </input_file>
      <input_file id="fl-d4">
         <path>C:\Users\iogun\OneDrive\Desktop\ECE 266 (FA25 - Labs)\LabGroupC5\Util\Debug\</path>
         <kind>archive</kind>
         <file>Util.lib</file>
         <name>led.obj</name>
      </input_file>
      <input_file id="fl-d5">
         <path>C:\Users\iogun\OneDrive\Desktop\ECE 266 (FA25 - Labs)\LabGroupC5\Util\Debug\</path>
         <kind>archive</kind>
         <file>Util.lib</file>
         <name>pushbutton.obj</name>
      </input_file>
      <input_file id="fl-d6">
         <path>C:\Users\iogun\OneDrive\Desktop\ECE 266 (FA25 - Labs)\LabGroupC5\Util\Debug\</path>
         <kind>archive</kind>
         <file>Util.lib</file>
         <name>uart.obj</name>
      </input_file>
      <input_file id="fl-d7">
         <path>C:\ti\TivaWare_C_Series-2.2.0.295\driverlib\ccs\Debug\</path>
         <kind>archive</kind>
         <file>driverlib.lib</file>
         <name>gpio.obj</name>
      </input_file>
      <input_file id="fl-d8">
         <path>C:\ti\TivaWare_C_Series-2.2.0.295\driverlib\ccs\Debug\</path>
         <kind>archive</kind>
         <file>driverlib.lib</file>
         <name>interrupt.obj</name>
      </input_file>
      <input_file id="fl-d9">
         <path>C:\ti\TivaWare_C_Series-2.2.0.295\driverlib\ccs\Debug\</path>
         <kind>archive</kind>
         <file>driverlib.lib</file>
         <name>sysctl.obj</name>
      </input_file>
      <input_file id="fl-da">
         <path>C:\ti\TivaWare_C_Series-2.2.0.295\driverlib\ccs\Debug\</path>
         <kind>archive</kind>
         <file>driverlib.lib</file>
         <name>systick.obj</name>
      </input_file>
      <input_file id="fl-db">
         <path>C:\ti\TivaWare_C_Series-2.2.0.295\driverlib\ccs\Debug\</path>
         <kind>archive</kind>
         <file>driverlib.lib</file>
         <name>timer.obj</name>
      </input_file>
      <input_file id="fl-dc">
         <path>C:\ti\TivaWare_C_Series-2.2.0.295\driverlib\ccs\Debug\</path>
         <kind>archive</kind>
         <file>driverlib.lib</file>
         <name>uart.obj</name>
      </input_file>
      <input_file id="fl-dd">
         <path>C:\ti\TivaWare_C_Series-2.2.0.295\driverlib\ccs\Debug\</path>
         <kind>archive</kind>
         <file>driverlib.lib</file>
         <name>cpu.obj</name>
      </input_file>
      <input_file id="fl-de">
         <path>C:\ti\ccs1281\ccs\tools\compiler\ti-cgt-arm_20.2.7.LTS\lib\</path>
         <kind>archive</kind>
         <file>rtsv7M4_T_le_v4SPD16_eabi.lib</file>
         <name>vsnprintf.c.obj</name>
      </input_file>
      <input_file id="fl-df">
         <path>C:\ti\ccs1281\ccs\tools\compiler\ti-cgt-arm_20.2.7.LTS\lib\</path>
         <kind>archive</kind>
         <file>rtsv7M4_T_le_v4SPD16_eabi.lib</file>
         <name>ull_div_t2.asm.obj</name>
      </input_file>
      <input_file id="fl-e0">
         <path>C:\ti\ccs1281\ccs\tools\compiler\ti-cgt-arm_20.2.7.LTS\lib\</path>
         <kind>archive</kind>
         <file>rtsv7M4_T_le_v4SPD16_eabi.lib</file>
         <name>assert.c.obj</name>
      </input_file>
      <input_file id="fl-e1">
         <path>C:\ti\ccs1281\ccs\tools\compiler\ti-cgt-arm_20.2.7.LTS\lib\</path>
         <kind>archive</kind>
         <file>rtsv7M4_T_le_v4SPD16_eabi.lib</file>
         <name>defs.c.obj</name>
      </input_file>
      <input_file id="fl-e2">
         <path>C:\ti\ccs1281\ccs\tools\compiler\ti-cgt-arm_20.2.7.LTS\lib\</path>
         <kind>archive</kind>
         <file>rtsv7M4_T_le_v4SPD16_eabi.lib</file>
         <name>_printfi.c.obj</name>
      </input_file>
      <input_file id="fl-e3">
         <path>C:\ti\ccs1281\ccs\tools\compiler\ti-cgt-arm_20.2.7.LTS\lib\</path>
         <kind>archive</kind>
         <file>rtsv7M4_T_le_v4SPD16_eabi.lib</file>
         <name>fflush.c.obj</name>
      </input_file>
      <input_file id="fl-e4">
         <path>C:\ti\ccs1281\ccs\tools\compiler\ti-cgt-arm_20.2.7.LTS\lib\</path>
         <kind>archive</kind>
         <file>rtsv7M4_T_le_v4SPD16_eabi.lib</file>
         <name>fputs.c.obj</name>
      </input_file>
      <input_file id="fl-e5">
         <path>C:\ti\ccs1281\ccs\tools\compiler\ti-cgt-arm_20.2.7.LTS\lib\</path>
         <kind>archive</kind>
         <file>rtsv7M4_T_le_v4SPD16_eabi.lib</file>
         <name>_io_perm.c.obj</name>
      </input_file>
      <input_file id="fl-e6">
         <path>C:\ti\ccs1281\ccs\tools\compiler\ti-cgt-arm_20.2.7.LTS\lib\</path>
         <kind>archive</kind>
         <file>rtsv7M4_T_le_v4SPD16_eabi.lib</file>
         <name>setvbuf.c.obj</name>
      </input_file>
      <input_file id="fl-e7">
         <path>C:\ti\ccs1281\ccs\tools\compiler\ti-cgt-arm_20.2.7.LTS\lib\</path>
         <kind>archive</kind>
         <file>rtsv7M4_T_le_v4SPD16_eabi.lib</file>
         <name>div0.asm.obj</name>
      </input_file>
      <input_file id="fl-e8">
         <path>C:\ti\ccs1281\ccs\tools\compiler\ti-cgt-arm_20.2.7.LTS\lib\</path>
         <kind>archive</kind>
         <file>rtsv7M4_T_le_v4SPD16_eabi.lib</file>
         <name>fd_add_t2.asm.obj</name>
      </input_file>
      <input_file id="fl-e9">
         <path>C:\ti\ccs1281\ccs\tools\compiler\ti-cgt-arm_20.2.7.LTS\lib\</path>
         <kind>archive</kind>
         <file>rtsv7M4_T_le_v4SPD16_eabi.lib</file>
         <name>fd_cmp_t2.asm.obj</name>
      </input_file>
      <input_file id="fl-ea">
         <path>C:\ti\ccs1281\ccs\tools\compiler\ti-cgt-arm_20.2.7.LTS\lib\</path>
         <kind>archive</kind>
         <file>rtsv7M4_T_le_v4SPD16_eabi.lib</file>
         <name>fd_toi_t2.asm.obj</name>
      </input_file>
      <input_file id="fl-eb">
         <path>C:\ti\ccs1281\ccs\tools\compiler\ti-cgt-arm_20.2.7.LTS\lib\</path>
         <kind>archive</kind>
         <file>rtsv7M4_T_le_v4SPD16_eabi.lib</file>
         <name>i_tofd_t2.asm.obj</name>
      </input_file>
      <input_file id="fl-ec">
         <path>C:\ti\ccs1281\ccs\tools\compiler\ti-cgt-arm_20.2.7.LTS\lib\</path>
         <kind>archive</kind>
         <file>rtsv7M4_T_le_v4SPD16_eabi.lib</file>
         <name>_ltoa.c.obj</name>
      </input_file>
      <input_file id="fl-ed">
         <path>C:\ti\ccs1281\ccs\tools\compiler\ti-cgt-arm_20.2.7.LTS\lib\</path>
         <kind>archive</kind>
         <file>rtsv7M4_T_le_v4SPD16_eabi.lib</file>
         <name>atoi.c.obj</name>
      </input_file>
      <input_file id="fl-ee">
         <path>C:\ti\ccs1281\ccs\tools\compiler\ti-cgt-arm_20.2.7.LTS\lib\</path>
         <kind>archive</kind>
         <file>rtsv7M4_T_le_v4SPD16_eabi.lib</file>
         <name>ctype.c.obj</name>
      </input_file>
      <input_file id="fl-ef">
         <path>C:\ti\ccs1281\ccs\tools\compiler\ti-cgt-arm_20.2.7.LTS\lib\</path>
         <kind>archive</kind>
         <file>rtsv7M4_T_le_v4SPD16_eabi.lib</file>
         <name>memccpy.c.obj</name>
      </input_file>
      <input_file id="fl-f0">
         <path>C:\ti\ccs1281\ccs\tools\compiler\ti-cgt-arm_20.2.7.LTS\lib\</path>
         <kind>archive</kind>
         <file>rtsv7M4_T_le_v4SPD16_eabi.lib</file>
         <name>memchr.c.obj</name>
      </input_file>
      <input_file id="fl-f1">
         <path>C:\ti\ccs1281\ccs\tools\compiler\ti-cgt-arm_20.2.7.LTS\lib\</path>
         <kind>archive</kind>
         <file>rtsv7M4_T_le_v4SPD16_eabi.lib</file>
         <name>memory.c.obj</name>
      </input_file>
      <input_file id="fl-f2">
         <path>C:\ti\ccs1281\ccs\tools\compiler\ti-cgt-arm_20.2.7.LTS\lib\</path>
         <kind>archive</kind>
         <file>rtsv7M4_T_le_v4SPD16_eabi.lib</file>
         <name>strchr.c.obj</name>
      </input_file>
      <input_file id="fl-f3">
         <path>C:\ti\ccs1281\ccs\tools\compiler\ti-cgt-arm_20.2.7.LTS\lib\</path>
         <kind>archive</kind>
         <file>rtsv7M4_T_le_v4SPD16_eabi.lib</file>
         <name>strlen.c.obj</name>
      </input_file>
      <input_file id="fl-f4">
         <path>C:\ti\ccs1281\ccs\tools\compiler\ti-cgt-arm_20.2.7.LTS\lib\</path>
         <kind>archive</kind>
         <file>rtsv7M4_T_le_v4SPD16_eabi.lib</file>
         <name>write.c.obj</name>
      </input_file>
      <input_file id="fl-f5">
         <path>C:\ti\ccs1281\ccs\tools\compiler\ti-cgt-arm_20.2.7.LTS\lib\</path>
         <kind>archive</kind>
         <file>rtsv7M4_T_le_v4SPD16_eabi.lib</file>
         <name>host_device.c.obj</name>
      </input_file>
      <input_file id="fl-f6">
         <path>C:\ti\ccs1281\ccs\tools\compiler\ti-cgt-arm_20.2.7.LTS\lib\</path>
         <kind>archive</kind>
         <file>rtsv7M4_T_le_v4SPD16_eabi.lib</file>
         <name>errno.c.obj</name>
      </input_file>
      <input_file id="fl-f7">
         <path>C:\ti\ccs1281\ccs\tools\compiler\ti-cgt-arm_20.2.7.LTS\lib\</path>
         <kind>archive</kind>
         <file>rtsv7M4_T_le_v4SPD16_eabi.lib</file>
         <name>wcslen.c.obj</name>
      </input_file>
      <input_file id="fl-f8">
         <path>C:\ti\ccs1281\ccs\tools\compiler\ti-cgt-arm_20.2.7.LTS\lib\</path>
         <kind>archive</kind>
         <file>rtsv7M4_T_le_v4SPD16_eabi.lib</file>
         <name>s_frexp.c.obj</name>
      </input_file>
      <input_file id="fl-f9">
         <path>C:\ti\ccs1281\ccs\tools\compiler\ti-cgt-arm_20.2.7.LTS\lib\</path>
         <kind>archive</kind>
         <file>rtsv7M4_T_le_v4SPD16_eabi.lib</file>
         <name>s_scalbn.c.obj</name>
      </input_file>
      <input_file id="fl-fa">
         <path>C:\ti\ccs1281\ccs\tools\compiler\ti-cgt-arm_20.2.7.LTS\lib\</path>
         <kind>archive</kind>
         <file>rtsv7M4_T_le_v4SPD16_eabi.lib</file>
         <name>fopen.c.obj</name>
      </input_file>
      <input_file id="fl-fb">
         <path>C:\ti\ccs1281\ccs\tools\compiler\ti-cgt-arm_20.2.7.LTS\lib\</path>
         <kind>archive</kind>
         <file>rtsv7M4_T_le_v4SPD16_eabi.lib</file>
         <name>fseek.c.obj</name>
      </input_file>
      <input_file id="fl-fc">
         <path>C:\ti\ccs1281\ccs\tools\compiler\ti-cgt-arm_20.2.7.LTS\lib\</path>
         <kind>archive</kind>
         <file>rtsv7M4_T_le_v4SPD16_eabi.lib</file>
         <name>hostclose.c.obj</name>
      </input_file>
      <input_file id="fl-fd">
         <path>C:\ti\ccs1281\ccs\tools\compiler\ti-cgt-arm_20.2.7.LTS\lib\</path>
         <kind>archive</kind>
         <file>rtsv7M4_T_le_v4SPD16_eabi.lib</file>
         <name>hostlseek.c.obj</name>
      </input_file>
      <input_file id="fl-fe">
         <path>C:\ti\ccs1281\ccs\tools\compiler\ti-cgt-arm_20.2.7.LTS\lib\</path>
         <kind>archive</kind>
         <file>rtsv7M4_T_le_v4SPD16_eabi.lib</file>
         <name>hostopen.c.obj</name>
      </input_file>
      <input_file id="fl-ff">
         <path>C:\ti\ccs1281\ccs\tools\compiler\ti-cgt-arm_20.2.7.LTS\lib\</path>
         <kind>archive</kind>
         <file>rtsv7M4_T_le_v4SPD16_eabi.lib</file>
         <name>hostread.c.obj</name>
      </input_file>
      <input_file id="fl-100">
         <path>C:\ti\ccs1281\ccs\tools\compiler\ti-cgt-arm_20.2.7.LTS\lib\</path>
         <kind>archive</kind>
         <file>rtsv7M4_T_le_v4SPD16_eabi.lib</file>
         <name>hostrename.c.obj</name>
      </input_file>
      <input_file id="fl-101">
         <path>C:\ti\ccs1281\ccs\tools\compiler\ti-cgt-arm_20.2.7.LTS\lib\</path>
         <kind>archive</kind>
         <file>rtsv7M4_T_le_v4SPD16_eabi.lib</file>
         <name>hostunlink.c.obj</name>
      </input_file>
      <input_file id="fl-102">
         <path>C:\ti\ccs1281\ccs\tools\compiler\ti-cgt-arm_20.2.7.LTS\lib\</path>
         <kind>archive</kind>
         <file>rtsv7M4_T_le_v4SPD16_eabi.lib</file>
         <name>hostwrite.c.obj</name>
      </input_file>
      <input_file id="fl-103">
         <path>C:\ti\ccs1281\ccs\tools\compiler\ti-cgt-arm_20.2.7.LTS\lib\</path>
         <kind>archive</kind>
         <file>rtsv7M4_T_le_v4SPD16_eabi.lib</file>
         <name>trgmsg.c.obj</name>
      </input_file>
      <input_file id="fl-104">
         <path>C:\ti\ccs1281\ccs\tools\compiler\ti-cgt-arm_20.2.7.LTS\lib\</path>
         <kind>archive</kind>
         <file>rtsv7M4_T_le_v4SPD16_eabi.lib</file>
         <name>open.c.obj</name>
      </input_file>
      <input_file id="fl-105">
         <path>C:\ti\ccs1281\ccs\tools\compiler\ti-cgt-arm_20.2.7.LTS\lib\</path>
         <kind>archive</kind>
         <file>rtsv7M4_T_le_v4SPD16_eabi.lib</file>
         <name>lseek.c.obj</name>
      </input_file>
      <input_file id="fl-106">
         <path>C:\ti\ccs1281\ccs\tools\compiler\ti-cgt-arm_20.2.7.LTS\lib\</path>
         <kind>archive</kind>
         <file>rtsv7M4_T_le_v4SPD16_eabi.lib</file>
         <name>s_copysign.c.obj</name>
      </input_file>
      <input_file id="fl-107">
         <path>C:\ti\ccs1281\ccs\tools\compiler\ti-cgt-arm_20.2.7.LTS\lib\</path>
         <kind>archive</kind>
         <file>rtsv7M4_T_le_v4SPD16_eabi.lib</file>
         <name>fclose.c.obj</name>
      </input_file>
      <input_file id="fl-108">
         <path>C:\ti\ccs1281\ccs\tools\compiler\ti-cgt-arm_20.2.7.LTS\lib\</path>
         <kind>archive</kind>
         <file>rtsv7M4_T_le_v4SPD16_eabi.lib</file>
         <name>getdevice.c.obj</name>
      </input_file>
      <input_file id="fl-109">
         <path>C:\ti\ccs1281\ccs\tools\compiler\ti-cgt-arm_20.2.7.LTS\lib\</path>
         <kind>archive</kind>
         <file>rtsv7M4_T_le_v4SPD16_eabi.lib</file>
         <name>strcmp.c.obj</name>
      </input_file>
      <input_file id="fl-10a">
         <path>C:\ti\ccs1281\ccs\tools\compiler\ti-cgt-arm_20.2.7.LTS\lib\</path>
         <kind>archive</kind>
         <file>rtsv7M4_T_le_v4SPD16_eabi.lib</file>
         <name>strcpy.c.obj</name>
      </input_file>
      <input_file id="fl-10b">
         <path>C:\ti\ccs1281\ccs\tools\compiler\ti-cgt-arm_20.2.7.LTS\lib\</path>
         <kind>archive</kind>
         <file>rtsv7M4_T_le_v4SPD16_eabi.lib</file>
         <name>strncpy.c.obj</name>
      </input_file>
      <input_file id="fl-10c">
         <path>C:\ti\ccs1281\ccs\tools\compiler\ti-cgt-arm_20.2.7.LTS\lib\</path>
         <kind>archive</kind>
         <file>rtsv7M4_T_le_v4SPD16_eabi.lib</file>
         <name>remove.c.obj</name>
      </input_file>
      <input_file id="fl-10d">
         <path>C:\ti\ccs1281\ccs\tools\compiler\ti-cgt-arm_20.2.7.LTS\lib\</path>
         <kind>archive</kind>
         <file>rtsv7M4_T_le_v4SPD16_eabi.lib</file>
         <name>close.c.obj</name>
      </input_file>
      <input_file id="fl-10e">
         <path>C:\ti\ccs1281\ccs\tools\compiler\ti-cgt-arm_20.2.7.LTS\lib\</path>
         <kind>archive</kind>
         <file>rtsv7M4_T_le_v4SPD16_eabi.lib</file>
         <name>unlink.c.obj</name>
      </input_file>
   </input_file_list>
   <object_component_list>
      <object_component id="oc-12">
         <name>.intvecs</name>
         <load_address>0x0</load_address>
         <run_address>0x0</run_address>
         <size>0x26c</size>
         <input_file_ref idref="fl-6"/>
      </object_component>
      <object_component id="oc-3d0">
         <name>.text:__TI_printfi</name>
         <load_address>0x26c</load_address>
         <run_address>0x26c</run_address>
         <size>0xa4e</size>
         <input_file_ref idref="fl-e2"/>
      </object_component>
      <object_component id="oc-333">
         <name>.text:_nop</name>
         <load_address>0xcba</load_address>
         <run_address>0xcba</run_address>
         <size>0x2</size>
         <input_file_ref idref="fl-d0"/>
      </object_component>
      <object_component id="oc-e2">
         <name>.text</name>
         <load_address>0xcbc</load_address>
         <run_address>0xcbc</run_address>
         <size>0x470</size>
         <input_file_ref idref="fl-d2"/>
      </object_component>
      <object_component id="oc-457">
         <name>.text:_pconv_a</name>
         <load_address>0x112c</load_address>
         <run_address>0x112c</run_address>
         <size>0x270</size>
         <input_file_ref idref="fl-e2"/>
      </object_component>
      <object_component id="oc-a2">
         <name>.text</name>
         <load_address>0x139c</load_address>
         <run_address>0x139c</run_address>
         <size>0x254</size>
         <input_file_ref idref="fl-2"/>
      </object_component>
      <object_component id="oc-10e">
         <name>.text</name>
         <load_address>0x15f0</load_address>
         <run_address>0x15f0</run_address>
         <size>0x1fc</size>
         <input_file_ref idref="fl-5"/>
      </object_component>
      <object_component id="oc-dc">
         <name>.text</name>
         <load_address>0x17ec</load_address>
         <run_address>0x17ec</run_address>
         <size>0x1f8</size>
         <input_file_ref idref="fl-3"/>
      </object_component>
      <object_component id="oc-445">
         <name>.text:_pconv_g</name>
         <load_address>0x19e4</load_address>
         <run_address>0x19e4</run_address>
         <size>0x1d0</size>
         <input_file_ref idref="fl-e2"/>
      </object_component>
      <object_component id="oc-4d4">
         <name>.text</name>
         <load_address>0x1bb4</load_address>
         <run_address>0x1bb4</run_address>
         <size>0x1b6</size>
         <input_file_ref idref="fl-e8"/>
      </object_component>
      <object_component id="oc-2f9">
         <name>.text</name>
         <load_address>0x1d6a</load_address>
         <run_address>0x1d6a</run_address>
         <size>0x2</size>
         <input_file_ref idref="fl-e7"/>
      </object_component>
      <object_component id="oc-102">
         <name>.text</name>
         <load_address>0x1d6c</load_address>
         <run_address>0x1d6c</run_address>
         <size>0x198</size>
         <input_file_ref idref="fl-d5"/>
      </object_component>
      <object_component id="oc-201">
         <name>.text:GPIOPadConfigSet</name>
         <load_address>0x1f04</load_address>
         <run_address>0x1f04</run_address>
         <size>0x16c</size>
         <input_file_ref idref="fl-d7"/>
      </object_component>
      <object_component id="oc-451">
         <name>.text:_pconv_e</name>
         <load_address>0x2070</load_address>
         <run_address>0x2070</run_address>
         <size>0x13c</size>
         <input_file_ref idref="fl-e2"/>
      </object_component>
      <object_component id="oc-f7">
         <name>.text</name>
         <load_address>0x21ac</load_address>
         <run_address>0x21ac</run_address>
         <size>0x136</size>
         <input_file_ref idref="fl-c2"/>
      </object_component>
      <object_component id="oc-4e6">
         <name>.text:fcvt</name>
         <load_address>0x22e4</load_address>
         <run_address>0x22e4</run_address>
         <size>0x124</size>
         <input_file_ref idref="fl-e2"/>
      </object_component>
      <object_component id="oc-1bb">
         <name>.text:SysCtlClockGet</name>
         <load_address>0x2408</load_address>
         <run_address>0x2408</run_address>
         <size>0x118</size>
         <input_file_ref idref="fl-d9"/>
      </object_component>
      <object_component id="oc-2bd">
         <name>.text:fputs</name>
         <load_address>0x2520</load_address>
         <run_address>0x2520</run_address>
         <size>0x114</size>
         <input_file_ref idref="fl-e4"/>
      </object_component>
      <object_component id="oc-4fa">
         <name>.text:scalbn</name>
         <load_address>0x2634</load_address>
         <run_address>0x2634</run_address>
         <size>0x110</size>
         <input_file_ref idref="fl-f9"/>
      </object_component>
      <object_component id="oc-532">
         <name>.text:aligned_alloc</name>
         <load_address>0x2744</load_address>
         <run_address>0x2744</run_address>
         <size>0x100</size>
         <input_file_ref idref="fl-f1"/>
      </object_component>
      <object_component id="oc-ed">
         <name>.text</name>
         <load_address>0x2844</load_address>
         <run_address>0x2844</run_address>
         <size>0xfc</size>
         <input_file_ref idref="fl-c3"/>
      </object_component>
      <object_component id="oc-23e">
         <name>.text:SysCtlClockSet</name>
         <load_address>0x2940</load_address>
         <run_address>0x2940</run_address>
         <size>0xf4</size>
         <input_file_ref idref="fl-d9"/>
      </object_component>
      <object_component id="oc-487">
         <name>.text:free</name>
         <load_address>0x2a34</load_address>
         <run_address>0x2a34</run_address>
         <size>0xe4</size>
         <input_file_ref idref="fl-f1"/>
      </object_component>
      <object_component id="oc-fc">
         <name>.text</name>
         <load_address>0x2b18</load_address>
         <run_address>0x2b18</run_address>
         <size>0xe4</size>
         <input_file_ref idref="fl-4"/>
      </object_component>
      <object_component id="oc-412">
         <name>.text:setvbuf</name>
         <load_address>0x2bfc</load_address>
         <run_address>0x2bfc</run_address>
         <size>0xdc</size>
         <input_file_ref idref="fl-e6"/>
      </object_component>
      <object_component id="oc-24a">
         <name>.text</name>
         <load_address>0x2cd8</load_address>
         <run_address>0x2cd8</run_address>
         <size>0xc8</size>
         <input_file_ref idref="fl-d6"/>
      </object_component>
      <object_component id="oc-108">
         <name>.text</name>
         <load_address>0x2da0</load_address>
         <run_address>0x2da0</run_address>
         <size>0xc0</size>
         <input_file_ref idref="fl-d3"/>
      </object_component>
      <object_component id="oc-43a">
         <name>.text:_ltostr</name>
         <load_address>0x2e60</load_address>
         <run_address>0x2e60</run_address>
         <size>0xb1</size>
         <input_file_ref idref="fl-e2"/>
      </object_component>
      <object_component id="oc-3e">
         <name>.text</name>
         <load_address>0x2f12</load_address>
         <run_address>0x2f12</run_address>
         <size>0x9c</size>
         <input_file_ref idref="fl-ca"/>
      </object_component>
      <object_component id="oc-238">
         <name>.text</name>
         <load_address>0x2fae</load_address>
         <run_address>0x2fae</run_address>
         <size>0x96</size>
         <input_file_ref idref="fl-df"/>
      </object_component>
      <object_component id="oc-440">
         <name>.text:__aeabi_cdcmple</name>
         <load_address>0x3044</load_address>
         <run_address>0x3044</run_address>
         <size>0x86</size>
         <input_file_ref idref="fl-e9"/>
      </object_component>
      <object_component id="oc-4bf">
         <name>.text:__aeabi_cdrcmple</name>
         <load_address>0x30ca</load_address>
         <run_address>0x30ca</run_address>
         <size>0x86</size>
         <input_file_ref idref="fl-e9"/>
      </object_component>
      <object_component id="oc-244">
         <name>.text</name>
         <load_address>0x3150</load_address>
         <run_address>0x3150</run_address>
         <size>0x84</size>
         <input_file_ref idref="fl-d4"/>
      </object_component>
      <object_component id="oc-2c3">
         <name>.text:fflush</name>
         <load_address>0x31d4</load_address>
         <run_address>0x31d4</run_address>
         <size>0x7c</size>
         <input_file_ref idref="fl-e3"/>
      </object_component>
      <object_component id="oc-96">
         <name>.text</name>
         <load_address>0x3250</load_address>
         <run_address>0x3250</run_address>
         <size>0x7a</size>
         <input_file_ref idref="fl-cb"/>
      </object_component>
      <object_component id="oc-539">
         <name>.text:__TI_closefile</name>
         <load_address>0x32cc</load_address>
         <run_address>0x32cc</run_address>
         <size>0x74</size>
         <input_file_ref idref="fl-107"/>
      </object_component>
      <object_component id="oc-5a9">
         <name>.text:split</name>
         <load_address>0x3340</load_address>
         <run_address>0x3340</run_address>
         <size>0x70</size>
         <input_file_ref idref="fl-f1"/>
      </object_component>
      <object_component id="oc-4df">
         <name>.text:_mcpy</name>
         <load_address>0x33b0</load_address>
         <run_address>0x33b0</run_address>
         <size>0x6e</size>
         <input_file_ref idref="fl-e2"/>
      </object_component>
      <object_component id="oc-566">
         <name>.text:HOSTrename</name>
         <load_address>0x3420</load_address>
         <run_address>0x3420</run_address>
         <size>0x6c</size>
         <input_file_ref idref="fl-100"/>
      </object_component>
      <object_component id="oc-55a">
         <name>.text:HOSTlseek</name>
         <load_address>0x348c</load_address>
         <run_address>0x348c</run_address>
         <size>0x68</size>
         <input_file_ref idref="fl-fd"/>
      </object_component>
      <object_component id="oc-29a">
         <name>.text:IntEnable</name>
         <load_address>0x34f4</load_address>
         <run_address>0x34f4</run_address>
         <size>0x68</size>
         <input_file_ref idref="fl-d8"/>
      </object_component>
      <object_component id="oc-15">
         <name>.text:decompress:lzss:__TI_decompress_lzss</name>
         <load_address>0x355c</load_address>
         <run_address>0x355c</run_address>
         <size>0x68</size>
         <input_file_ref idref="fl-c8"/>
      </object_component>
      <object_component id="oc-4f4">
         <name>.text:frexp</name>
         <load_address>0x35c4</load_address>
         <run_address>0x35c4</run_address>
         <size>0x64</size>
         <input_file_ref idref="fl-f8"/>
      </object_component>
      <object_component id="oc-40c">
         <name>.text:fseek</name>
         <load_address>0x3628</load_address>
         <run_address>0x3628</run_address>
         <size>0x64</size>
         <input_file_ref idref="fl-fb"/>
      </object_component>
      <object_component id="oc-380">
         <name>.text:__TI_wrt_ok</name>
         <load_address>0x368c</load_address>
         <run_address>0x368c</run_address>
         <size>0x62</size>
         <input_file_ref idref="fl-e5"/>
      </object_component>
      <object_component id="oc-542">
         <name>.text:HOSTopen</name>
         <load_address>0x36f0</load_address>
         <run_address>0x36f0</run_address>
         <size>0x60</size>
         <input_file_ref idref="fl-fe"/>
      </object_component>
      <object_component id="oc-193">
         <name>.text:TimerConfigure</name>
         <load_address>0x3750</load_address>
         <run_address>0x3750</run_address>
         <size>0x60</size>
         <input_file_ref idref="fl-db"/>
      </object_component>
      <object_component id="oc-5b0">
         <name>.text:close</name>
         <load_address>0x37b0</load_address>
         <run_address>0x37b0</run_address>
         <size>0x5c</size>
         <input_file_ref idref="fl-10d"/>
      </object_component>
      <object_component id="oc-20d">
         <name>.text:GPIOIntTypeSet</name>
         <load_address>0x380c</load_address>
         <run_address>0x380c</run_address>
         <size>0x58</size>
         <input_file_ref idref="fl-d7"/>
      </object_component>
      <object_component id="oc-54e">
         <name>.text:HOSTread</name>
         <load_address>0x3864</load_address>
         <run_address>0x3864</run_address>
         <size>0x58</size>
         <input_file_ref idref="fl-ff"/>
      </object_component>
      <object_component id="oc-554">
         <name>.text:HOSTwrite</name>
         <load_address>0x38bc</load_address>
         <run_address>0x38bc</run_address>
         <size>0x58</size>
         <input_file_ref idref="fl-102"/>
      </object_component>
      <object_component id="oc-44b">
         <name>.text:_pconv_f</name>
         <load_address>0x3914</load_address>
         <run_address>0x3914</run_address>
         <size>0x56</size>
         <input_file_ref idref="fl-e2"/>
      </object_component>
      <object_component id="oc-4c9">
         <name>.text:__TI_ltoa</name>
         <load_address>0x396a</load_address>
         <run_address>0x396a</run_address>
         <size>0x54</size>
         <input_file_ref idref="fl-ec"/>
      </object_component>
      <object_component id="oc-4d9">
         <name>.text:_ecpy</name>
         <load_address>0x39be</load_address>
         <run_address>0x39be</run_address>
         <size>0x52</size>
         <input_file_ref idref="fl-e2"/>
      </object_component>
      <object_component id="oc-175">
         <name>.text:GPIOPinConfigure</name>
         <load_address>0x3a10</load_address>
         <run_address>0x3a10</run_address>
         <size>0x4c</size>
         <input_file_ref idref="fl-d7"/>
      </object_component>
      <object_component id="oc-28e">
         <name>.text:_TimerIntNumberGet</name>
         <load_address>0x3a5c</load_address>
         <run_address>0x3a5c</run_address>
         <size>0x4c</size>
         <input_file_ref idref="fl-db"/>
      </object_component>
      <object_component id="oc-392">
         <name>.text:__TI_doflush</name>
         <load_address>0x3aa8</load_address>
         <run_address>0x3aa8</run_address>
         <size>0x4c</size>
         <input_file_ref idref="fl-e3"/>
      </object_component>
      <object_component id="oc-434">
         <name>.text:atoi</name>
         <load_address>0x3af4</load_address>
         <run_address>0x3af4</run_address>
         <size>0x4c</size>
         <input_file_ref idref="fl-ed"/>
      </object_component>
      <object_component id="oc-120">
         <name>.text:exit</name>
         <load_address>0x3b40</load_address>
         <run_address>0x3b40</run_address>
         <size>0x48</size>
         <input_file_ref idref="fl-cf"/>
      </object_component>
      <object_component id="oc-4c4">
         <name>.text</name>
         <load_address>0x3b88</load_address>
         <run_address>0x3b88</run_address>
         <size>0x48</size>
         <input_file_ref idref="fl-ea"/>
      </object_component>
      <object_component id="oc-30d">
         <name>.text:UARTConfigSetExpClk</name>
         <load_address>0x3bd0</load_address>
         <run_address>0x3bd0</run_address>
         <size>0x46</size>
         <input_file_ref idref="fl-dc"/>
      </object_component>
      <object_component id="oc-548">
         <name>.text:HOSTclose</name>
         <load_address>0x3c18</load_address>
         <run_address>0x3c18</run_address>
         <size>0x44</size>
         <input_file_ref idref="fl-fc"/>
      </object_component>
      <object_component id="oc-560">
         <name>.text:HOSTunlink</name>
         <load_address>0x3c5c</load_address>
         <run_address>0x3c5c</run_address>
         <size>0x44</size>
         <input_file_ref idref="fl-101"/>
      </object_component>
      <object_component id="oc-2e0">
         <name>.text:_GPIOIntNumberGet</name>
         <load_address>0x3ca0</load_address>
         <run_address>0x3ca0</run_address>
         <size>0x44</size>
         <input_file_ref idref="fl-d7"/>
      </object_component>
      <object_component id="oc-126">
         <name>.text:__TI_auto_init_nobinit_nopinit:__TI_auto_init_nobinit_nopinit</name>
         <load_address>0x3ce4</load_address>
         <run_address>0x3ce4</run_address>
         <size>0x44</size>
         <input_file_ref idref="fl-cc"/>
      </object_component>
      <object_component id="oc-5f6">
         <name>.text:getdevice</name>
         <load_address>0x3d28</load_address>
         <run_address>0x3d28</run_address>
         <size>0x44</size>
         <input_file_ref idref="fl-108"/>
      </object_component>
      <object_component id="oc-f2">
         <name>.text</name>
         <load_address>0x3d6c</load_address>
         <run_address>0x3d6c</run_address>
         <size>0x44</size>
         <input_file_ref idref="fl-c4"/>
      </object_component>
      <object_component id="oc-31f">
         <name>.text:vsnprintf</name>
         <load_address>0x3db0</load_address>
         <run_address>0x3db0</run_address>
         <size>0x40</size>
         <input_file_ref idref="fl-de"/>
      </object_component>
      <object_component id="oc-4ec">
         <name>.text:_fcpy</name>
         <load_address>0x3df0</load_address>
         <run_address>0x3df0</run_address>
         <size>0x3e</size>
         <input_file_ref idref="fl-e2"/>
      </object_component>
      <object_component id="oc-5bf">
         <name>.text:__TI_writemsg</name>
         <load_address>0x3e30</load_address>
         <run_address>0x3e30</run_address>
         <size>0x38</size>
         <input_file_ref idref="fl-103"/>
      </object_component>
      <object_component id="oc-618">
         <name>.text:strncpy</name>
         <load_address>0x3e68</load_address>
         <run_address>0x3e68</run_address>
         <size>0x36</size>
         <input_file_ref idref="fl-10b"/>
      </object_component>
      <object_component id="oc-294">
         <name>.text:IntRegister</name>
         <load_address>0x3ea0</load_address>
         <run_address>0x3ea0</run_address>
         <size>0x34</size>
         <input_file_ref idref="fl-d8"/>
      </object_component>
      <object_component id="oc-169">
         <name>.text:SysCtlPeripheralEnable</name>
         <load_address>0x3ed4</load_address>
         <run_address>0x3ed4</run_address>
         <size>0x34</size>
         <input_file_ref idref="fl-d9"/>
      </object_component>
      <object_component id="oc-493">
         <name>.text:__TI_cleanup</name>
         <load_address>0x3f08</load_address>
         <run_address>0x3f08</run_address>
         <size>0x34</size>
         <input_file_ref idref="fl-fa"/>
      </object_component>
      <object_component id="oc-5c5">
         <name>.text:__TI_readmsg</name>
         <load_address>0x3f3c</load_address>
         <run_address>0x3f3c</run_address>
         <size>0x34</size>
         <input_file_ref idref="fl-103"/>
      </object_component>
      <object_component id="oc-5c">
         <name>.text:_c_int00_noargs:_c_int00_noargs</name>
         <load_address>0x3f70</load_address>
         <run_address>0x3f70</run_address>
         <size>0x34</size>
         <input_file_ref idref="fl-c9"/>
      </object_component>
      <object_component id="oc-3d6">
         <name>.text:_outs</name>
         <load_address>0x3fa4</load_address>
         <run_address>0x3fa4</run_address>
         <size>0x30</size>
         <input_file_ref idref="fl-de"/>
      </object_component>
      <object_component id="oc-61e">
         <name>.text:finddevice</name>
         <load_address>0x3fd4</load_address>
         <run_address>0x3fd4</run_address>
         <size>0x30</size>
         <input_file_ref idref="fl-108"/>
      </object_component>
      <object_component id="oc-4cf">
         <name>.text</name>
         <load_address>0x4004</load_address>
         <run_address>0x4004</run_address>
         <size>0x2e</size>
         <input_file_ref idref="fl-eb"/>
      </object_component>
      <object_component id="oc-251">
         <name>.text:GPIODirModeSet</name>
         <load_address>0x4032</load_address>
         <run_address>0x4032</run_address>
         <size>0x2c</size>
         <input_file_ref idref="fl-d7"/>
      </object_component>
      <object_component id="oc-5b6">
         <name>.text:unlink</name>
         <load_address>0x4060</load_address>
         <run_address>0x4060</run_address>
         <size>0x2c</size>
         <input_file_ref idref="fl-10e"/>
      </object_component>
      <object_component id="oc-52b">
         <name>.text:free_list_insert</name>
         <load_address>0x408c</load_address>
         <run_address>0x408c</run_address>
         <size>0x28</size>
         <input_file_ref idref="fl-f1"/>
      </object_component>
      <object_component id="oc-47f">
         <name>.text:lseek</name>
         <load_address>0x40b4</load_address>
         <run_address>0x40b4</run_address>
         <size>0x28</size>
         <input_file_ref idref="fl-105"/>
      </object_component>
      <object_component id="oc-398">
         <name>.text:write</name>
         <load_address>0x40dc</load_address>
         <run_address>0x40dc</run_address>
         <size>0x28</size>
         <input_file_ref idref="fl-f4"/>
      </object_component>
      <object_component id="oc-213">
         <name>.text:IntPrioritySet</name>
         <load_address>0x4104</load_address>
         <run_address>0x4104</run_address>
         <size>0x24</size>
         <input_file_ref idref="fl-d8"/>
      </object_component>
      <object_component id="oc-3c0">
         <name>.text:UARTDisable</name>
         <load_address>0x4128</load_address>
         <run_address>0x4128</run_address>
         <size>0x20</size>
         <input_file_ref idref="fl-dc"/>
      </object_component>
      <object_component id="oc-38c">
         <name>.text:memchr</name>
         <load_address>0x4148</load_address>
         <run_address>0x4148</run_address>
         <size>0x20</size>
         <input_file_ref idref="fl-f0"/>
      </object_component>
      <object_component id="oc-e8">
         <name>.text</name>
         <load_address>0x4168</load_address>
         <run_address>0x4168</run_address>
         <size>0x20</size>
         <input_file_ref idref="fl-c5"/>
      </object_component>
      <object_component id="oc-1c7">
         <name>.text:SysTickIntRegister</name>
         <load_address>0x4188</load_address>
         <run_address>0x4188</run_address>
         <size>0x1c</size>
         <input_file_ref idref="fl-da"/>
      </object_component>
      <object_component id="oc-1df">
         <name>.text:_abort_msg</name>
         <load_address>0x41a4</load_address>
         <run_address>0x41a4</run_address>
         <size>0x1c</size>
         <input_file_ref idref="fl-e0"/>
      </object_component>
      <object_component id="oc-525">
         <name>.text:free_list_remove</name>
         <load_address>0x41c0</load_address>
         <run_address>0x41c0</run_address>
         <size>0x1c</size>
         <input_file_ref idref="fl-f1"/>
      </object_component>
      <object_component id="oc-45d">
         <name>.text:memccpy</name>
         <load_address>0x41dc</load_address>
         <run_address>0x41dc</run_address>
         <size>0x1c</size>
         <input_file_ref idref="fl-ef"/>
      </object_component>
      <object_component id="oc-300">
         <name>.text:GPIOPinTypeGPIOOutput</name>
         <load_address>0x41f8</load_address>
         <run_address>0x41f8</run_address>
         <size>0x1a</size>
         <input_file_ref idref="fl-d7"/>
      </object_component>
      <object_component id="oc-586">
         <name>.text:copysign</name>
         <load_address>0x4212</load_address>
         <run_address>0x4212</run_address>
         <size>0x1a</size>
         <input_file_ref idref="fl-106"/>
      </object_component>
      <object_component id="oc-207">
         <name>.text:GPIOIntRegister</name>
         <load_address>0x422c</load_address>
         <run_address>0x422c</run_address>
         <size>0x18</size>
         <input_file_ref idref="fl-d7"/>
      </object_component>
      <object_component id="oc-18d">
         <name>.text:TimerDisable</name>
         <load_address>0x4244</load_address>
         <run_address>0x4244</run_address>
         <size>0x18</size>
         <input_file_ref idref="fl-db"/>
      </object_component>
      <object_component id="oc-181">
         <name>.text:TimerIntRegister</name>
         <load_address>0x425c</load_address>
         <run_address>0x425c</run_address>
         <size>0x18</size>
         <input_file_ref idref="fl-db"/>
      </object_component>
      <object_component id="oc-3dc">
         <name>.text:_outc</name>
         <load_address>0x4274</load_address>
         <run_address>0x4274</run_address>
         <size>0x18</size>
         <input_file_ref idref="fl-de"/>
      </object_component>
      <object_component id="oc-635">
         <name>.text:strcmp</name>
         <load_address>0x428c</load_address>
         <run_address>0x428c</run_address>
         <size>0x18</size>
         <input_file_ref idref="fl-109"/>
      </object_component>
      <object_component id="oc-21f">
         <name>.text:EventInitialized</name>
         <load_address>0x42a4</load_address>
         <run_address>0x42a4</run_address>
         <size>0x16</size>
         <input_file_ref idref="fl-2"/>
      </object_component>
      <object_component id="oc-1fb">
         <name>.text:GPIOPinTypeGPIOInput</name>
         <load_address>0x42ba</load_address>
         <run_address>0x42ba</run_address>
         <size>0x16</size>
         <input_file_ref idref="fl-d7"/>
      </object_component>
      <object_component id="oc-16f">
         <name>.text:GPIOPinTypeTimer</name>
         <load_address>0x42d0</load_address>
         <run_address>0x42d0</run_address>
         <size>0x16</size>
         <input_file_ref idref="fl-d7"/>
      </object_component>
      <object_component id="oc-307">
         <name>.text:GPIOPinTypeUART</name>
         <load_address>0x42e6</load_address>
         <run_address>0x42e6</run_address>
         <size>0x16</size>
         <input_file_ref idref="fl-d7"/>
      </object_component>
      <object_component id="oc-17b">
         <name>.text:TimerControlEvent</name>
         <load_address>0x42fc</load_address>
         <run_address>0x42fc</run_address>
         <size>0x16</size>
         <input_file_ref idref="fl-db"/>
      </object_component>
      <object_component id="oc-500">
         <name>.text:strchr</name>
         <load_address>0x4312</load_address>
         <run_address>0x4312</run_address>
         <size>0x16</size>
         <input_file_ref idref="fl-f2"/>
      </object_component>
      <object_component id="oc-1d3">
         <name>.text:SysTickEnable</name>
         <load_address>0x4328</load_address>
         <run_address>0x4328</run_address>
         <size>0x14</size>
         <input_file_ref idref="fl-da"/>
      </object_component>
      <object_component id="oc-1cd">
         <name>.text:SysTickIntEnable</name>
         <load_address>0x433c</load_address>
         <run_address>0x433c</run_address>
         <size>0x14</size>
         <input_file_ref idref="fl-da"/>
      </object_component>
      <object_component id="oc-3c6">
         <name>.text:UARTEnable</name>
         <load_address>0x4350</load_address>
         <run_address>0x4350</run_address>
         <size>0x14</size>
         <input_file_ref idref="fl-dc"/>
      </object_component>
      <object_component id="oc-5d9">
         <name>.text:strcpy</name>
         <load_address>0x4364</load_address>
         <run_address>0x4364</run_address>
         <size>0x14</size>
         <input_file_ref idref="fl-10a"/>
      </object_component>
      <object_component id="oc-386">
         <name>.text:strlen</name>
         <load_address>0x4378</load_address>
         <run_address>0x4378</run_address>
         <size>0x14</size>
         <input_file_ref idref="fl-f3"/>
      </object_component>
      <object_component id="oc-199">
         <name>.text:TimerLoadSet</name>
         <load_address>0x438c</load_address>
         <run_address>0x438c</run_address>
         <size>0x12</size>
         <input_file_ref idref="fl-db"/>
      </object_component>
      <object_component id="oc-19f">
         <name>.text:TimerMatchSet</name>
         <load_address>0x439e</load_address>
         <run_address>0x439e</run_address>
         <size>0x12</size>
         <input_file_ref idref="fl-db"/>
      </object_component>
      <object_component id="oc-463">
         <name>.text:wcslen</name>
         <load_address>0x43b0</load_address>
         <run_address>0x43b0</run_address>
         <size>0x12</size>
         <input_file_ref idref="fl-f7"/>
      </object_component>
      <object_component id="oc-1c1">
         <name>.text:SysTickPeriodSet</name>
         <load_address>0x43c4</load_address>
         <run_address>0x43c4</run_address>
         <size>0x10</size>
         <input_file_ref idref="fl-da"/>
      </object_component>
      <object_component id="oc-1ab">
         <name>.text:TimerEnable</name>
         <load_address>0x43d4</load_address>
         <run_address>0x43d4</run_address>
         <size>0xe</size>
         <input_file_ref idref="fl-db"/>
      </object_component>
      <object_component id="oc-1b">
         <name>.text:decompress:none:__TI_decompress_none</name>
         <load_address>0x43e2</load_address>
         <run_address>0x43e2</run_address>
         <size>0xe</size>
         <input_file_ref idref="fl-c7"/>
      </object_component>
      <object_component id="oc-219">
         <name>.text:GPIOIntEnable</name>
         <load_address>0x43f0</load_address>
         <run_address>0x43f0</run_address>
         <size>0xc</size>
         <input_file_ref idref="fl-d7"/>
      </object_component>
      <object_component id="oc-50">
         <name>.text:decompress:ZI:__TI_zero_init</name>
         <load_address>0x43fc</load_address>
         <run_address>0x43fc</run_address>
         <size>0xc</size>
         <input_file_ref idref="fl-c6"/>
      </object_component>
      <object_component id="oc-2a">
         <name>.text</name>
         <load_address>0x4408</load_address>
         <run_address>0x4408</run_address>
         <size>0xc</size>
         <input_file_ref idref="fl-6"/>
      </object_component>
      <object_component id="oc-1b1">
         <name>.text:TimerValueGet</name>
         <load_address>0x4414</load_address>
         <run_address>0x4414</run_address>
         <size>0xa</size>
         <input_file_ref idref="fl-db"/>
      </object_component>
      <object_component id="oc-319">
         <name>.text:UARTCharGet</name>
         <load_address>0x441e</load_address>
         <run_address>0x441e</run_address>
         <size>0xa</size>
         <input_file_ref idref="fl-dc"/>
      </object_component>
      <object_component id="oc-313">
         <name>.text:UARTCharPut</name>
         <load_address>0x4428</load_address>
         <run_address>0x4428</run_address>
         <size>0xa</size>
         <input_file_ref idref="fl-dc"/>
      </object_component>
      <object_component id="oc-187">
         <name>.text:TimerIntEnable</name>
         <load_address>0x4432</load_address>
         <run_address>0x4432</run_address>
         <size>0x8</size>
         <input_file_ref idref="fl-db"/>
      </object_component>
      <object_component id="oc-469">
         <name>.text:__aeabi_errno_addr</name>
         <load_address>0x443c</load_address>
         <run_address>0x443c</run_address>
         <size>0x8</size>
         <input_file_ref idref="fl-f6"/>
      </object_component>
      <object_component id="oc-48d">
         <name>.text:malloc</name>
         <load_address>0x4444</load_address>
         <run_address>0x4444</run_address>
         <size>0x8</size>
         <input_file_ref idref="fl-f1"/>
      </object_component>
      <object_component id="oc-22c">
         <name>.text:GPIOIntClear</name>
         <load_address>0x444c</load_address>
         <run_address>0x444c</run_address>
         <size>0x6</size>
         <input_file_ref idref="fl-d7"/>
      </object_component>
      <object_component id="oc-226">
         <name>.text:GPIOPinRead</name>
         <load_address>0x4452</load_address>
         <run_address>0x4452</run_address>
         <size>0x6</size>
         <input_file_ref idref="fl-d7"/>
      </object_component>
      <object_component id="oc-257">
         <name>.text:GPIOPinWrite</name>
         <load_address>0x4458</load_address>
         <run_address>0x4458</run_address>
         <size>0x6</size>
         <input_file_ref idref="fl-d7"/>
      </object_component>
      <object_component id="oc-23d">
         <name>.text:SysCtlDelay</name>
         <load_address>0x445e</load_address>
         <run_address>0x445e</run_address>
         <size>0x6</size>
         <input_file_ref idref="fl-d9"/>
      </object_component>
      <object_component id="oc-1a5">
         <name>.text:TimerIntClear</name>
         <load_address>0x4464</load_address>
         <run_address>0x4464</run_address>
         <size>0x4</size>
         <input_file_ref idref="fl-db"/>
      </object_component>
      <object_component id="oc-9c">
         <name>.text:_system_pre_init</name>
         <load_address>0x4468</load_address>
         <run_address>0x4468</run_address>
         <size>0x4</size>
         <input_file_ref idref="fl-cd"/>
      </object_component>
      <object_component id="oc-11a">
         <name>.text:abort:abort</name>
         <load_address>0x446c</load_address>
         <run_address>0x446c</run_address>
         <size>0x4</size>
         <input_file_ref idref="fl-cf"/>
      </object_component>
      <object_component id="oc-4b8">
         <name>.const:.string:_ctypes_</name>
         <load_address>0x4470</load_address>
         <run_address>0x4470</run_address>
         <size>0x101</size>
         <input_file_ref idref="fl-ee"/>
      </object_component>
      <object_component id="oc-3b5">
         <name>.const:g_ppui32GPIOIntMapSnowflake</name>
         <load_address>0x4574</load_address>
         <run_address>0x4574</run_address>
         <size>0xd8</size>
         <input_file_ref idref="fl-d7"/>
      </object_component>
      <object_component id="oc-3b2">
         <name>.const:g_ppui32GPIOIntMapBlizzard</name>
         <load_address>0x464c</load_address>
         <run_address>0x464c</run_address>
         <size>0xc0</size>
         <input_file_ref idref="fl-d7"/>
      </object_component>
      <object_component id="oc-2e8">
         <name>.const:g_pui32Regs</name>
         <load_address>0x470c</load_address>
         <run_address>0x470c</run_address>
         <size>0x9c</size>
         <input_file_ref idref="fl-d8"/>
      </object_component>
      <object_component id="oc-288">
         <name>.const:g_pui32GPIOBaseAddrs</name>
         <load_address>0x47a8</load_address>
         <run_address>0x47a8</run_address>
         <size>0x90</size>
         <input_file_ref idref="fl-d7"/>
      </object_component>
      <object_component id="oc-2b0">
         <name>.const:g_pui32Xtals</name>
         <load_address>0x4838</load_address>
         <run_address>0x4838</run_address>
         <size>0x6c</size>
         <input_file_ref idref="fl-d9"/>
      </object_component>
      <object_component id="oc-36d">
         <name>.const:g_ppui32TimerIntMap</name>
         <load_address>0x48a4</load_address>
         <run_address>0x48a4</run_address>
         <size>0x60</size>
         <input_file_ref idref="fl-db"/>
      </object_component>
      <object_component id="oc-370">
         <name>.const:g_ppui32TimerIntMapSnowflake</name>
         <load_address>0x4904</load_address>
         <run_address>0x4904</run_address>
         <size>0x40</size>
         <input_file_ref idref="fl-db"/>
      </object_component>
      <object_component id="oc-378">
         <name>.const:g_pui32EnRegs</name>
         <load_address>0x4944</load_address>
         <run_address>0x4944</run_address>
         <size>0x14</size>
         <input_file_ref idref="fl-d8"/>
      </object_component>
      <object_component id="oc-670">
         <name>.cinit..data.load</name>
         <load_address>0x4958</load_address>
         <run_address>0x4958</run_address>
         <size>0x77</size>
      </object_component>
      <object_component id="oc-66d">
         <name>__TI_handler_table</name>
         <load_address>0x49d0</load_address>
         <run_address>0x49d0</run_address>
         <size>0xc</size>
      </object_component>
      <object_component id="oc-671">
         <name>.cinit..bss.load</name>
         <load_address>0x49e0</load_address>
         <run_address>0x49e0</run_address>
         <size>0x8</size>
      </object_component>
      <object_component id="oc-66f">
         <name>.cinit..vtable.load</name>
         <load_address>0x49e8</load_address>
         <run_address>0x49e8</run_address>
         <size>0x8</size>
      </object_component>
      <object_component id="oc-66e">
         <name>__TI_cinit_table</name>
         <load_address>0x49f0</load_address>
         <run_address>0x49f0</run_address>
         <size>0x18</size>
      </object_component>
      <object_component id="oc-374">
         <name>.vtable</name>
         <uninitialized>true</uninitialized>
         <run_address>0x20000000</run_address>
         <size>0x26c</size>
         <input_file_ref idref="fl-d8"/>
      </object_component>
      <object_component id="oc-1f6">
         <name>.data:seg7_coding_table</name>
         <load_address>0x200009d4</load_address>
         <run_address>0x200009d4</run_address>
         <size>0xb</size>
         <input_file_ref idref="fl-4"/>
      </object_component>
      <object_component id="oc-260">
         <name>.data:$O1$$</name>
         <load_address>0x200009c8</load_address>
         <run_address>0x200009c8</run_address>
         <size>0xc</size>
         <input_file_ref idref="fl-cf"/>
      </object_component>
      <object_component id="oc-263">
         <name>.data:$O1$$</name>
         <load_address>0x200009e0</load_address>
         <run_address>0x200009e0</run_address>
         <size>0x8</size>
         <input_file_ref idref="fl-d0"/>
      </object_component>
      <object_component id="oc-1e8">
         <name>.data</name>
         <load_address>0x200009df</load_address>
         <run_address>0x200009df</run_address>
         <size>0x1</size>
         <input_file_ref idref="fl-d2"/>
      </object_component>
      <object_component id="oc-1e5">
         <name>.data</name>
         <load_address>0x200009f0</load_address>
         <run_address>0x200009f0</run_address>
         <size>0x4</size>
         <input_file_ref idref="fl-d3"/>
      </object_component>
      <object_component id="oc-235">
         <name>.data</name>
         <load_address>0x200009f4</load_address>
         <run_address>0x200009f4</run_address>
         <size>0x4</size>
         <input_file_ref idref="fl-d5"/>
      </object_component>
      <object_component id="oc-2c9">
         <name>.data:_ftable</name>
         <load_address>0x20000800</load_address>
         <run_address>0x20000800</run_address>
         <size>0xf0</size>
         <input_file_ref idref="fl-e1"/>
      </object_component>
      <object_component id="oc-3a0">
         <name>.data</name>
         <load_address>0x200009b8</load_address>
         <run_address>0x200009b8</run_address>
         <size>0x10</size>
         <input_file_ref idref="fl-e1"/>
      </object_component>
      <object_component id="oc-5a4">
         <name>.data:$O1$$</name>
         <load_address>0x200009e8</load_address>
         <run_address>0x200009e8</run_address>
         <size>0x8</size>
         <input_file_ref idref="fl-f1"/>
      </object_component>
      <object_component id="oc-4a6">
         <name>.data:_device</name>
         <load_address>0x200008f0</load_address>
         <run_address>0x200008f0</run_address>
         <size>0x78</size>
         <input_file_ref idref="fl-f5"/>
      </object_component>
      <object_component id="oc-41f">
         <name>.data:_stream</name>
         <load_address>0x20000968</load_address>
         <run_address>0x20000968</run_address>
         <size>0x50</size>
         <input_file_ref idref="fl-f5"/>
      </object_component>
      <object_component id="oc-510">
         <name>.data</name>
         <load_address>0x200009f8</load_address>
         <run_address>0x200009f8</run_address>
         <size>0x4</size>
         <input_file_ref idref="fl-f6"/>
      </object_component>
      <object_component id="oc-1d9">
         <name>.bss:bin_head</name>
         <uninitialized>true</uninitialized>
         <run_address>0x2000038c</run_address>
         <size>0x100</size>
         <input_file_ref idref="fl-d2"/>
      </object_component>
      <object_component id="oc-1dc">
         <name>.bss:bin_head_heap</name>
         <uninitialized>true</uninitialized>
         <run_address>0x200005d0</run_address>
         <size>0x10</size>
         <input_file_ref idref="fl-d2"/>
      </object_component>
      <object_component id="oc-232">
         <name>.bss:push_button</name>
         <uninitialized>true</uninitialized>
         <run_address>0x200005e0</run_address>
         <size>0x10</size>
         <input_file_ref idref="fl-d5"/>
      </object_component>
      <object_component id="oc-325">
         <name>.bss:buffer$1</name>
         <uninitialized>true</uninitialized>
         <run_address>0x2000052c</run_address>
         <size>0x54</size>
         <input_file_ref idref="fl-d6"/>
      </object_component>
      <object_component id="oc-600">
         <name>.bss:_CIOBUF_</name>
         <uninitialized>true</uninitialized>
         <run_address>0x2000026c</run_address>
         <size>0x120</size>
         <input_file_ref idref="fl-103"/>
      </object_component>
      <object_component id="oc-114">
         <name>.common:sys</name>
         <uninitialized>true</uninitialized>
         <run_address>0x200005fd</run_address>
         <size>0x1</size>
      </object_component>
      <object_component id="oc-116">
         <name>.common:trigger_ranger_reading_event</name>
         <uninitialized>true</uninitialized>
         <run_address>0x200005bc</run_address>
         <size>0x14</size>
      </object_component>
      <object_component id="oc-117">
         <name>.common:process_ranger_data_event</name>
         <uninitialized>true</uninitialized>
         <run_address>0x20000594</run_address>
         <size>0x14</size>
      </object_component>
      <object_component id="oc-118">
         <name>.common:check_buttons_event</name>
         <uninitialized>true</uninitialized>
         <run_address>0x20000580</run_address>
         <size>0x14</size>
      </object_component>
      <object_component id="oc-115">
         <name>.common:seg7_display</name>
         <uninitialized>true</uninitialized>
         <run_address>0x200005f8</run_address>
         <size>0x5</size>
      </object_component>
      <object_component id="oc-1b7">
         <name>.common:ranger</name>
         <uninitialized>true</uninitialized>
         <run_address>0x200005a8</run_address>
         <size>0x14</size>
      </object_component>
      <object_component id="oc-5bc">
         <name>.common:__TI_tmpnams</name>
         <uninitialized>true</uninitialized>
         <run_address>0x2000048c</run_address>
         <size>0xa0</size>
      </object_component>
      <object_component id="oc-5cb">
         <name>.common:parmbuf</name>
         <uninitialized>true</uninitialized>
         <run_address>0x200005f0</run_address>
         <size>0x8</size>
      </object_component>
      <object_component id="oc-27">
         <name>.sysmem</name>
         <uninitialized>true</uninitialized>
         <run_address>0x20000a00</run_address>
         <size>0x10</size>
         <input_file_ref idref="fl-f1"/>
      </object_component>
      <object_component id="oc-674">
         <name>.sysmem</name>
         <uninitialized>true</uninitialized>
         <run_address>0x20000a00</run_address>
         <size>0x0</size>
      </object_component>
      <object_component id="oc-24">
         <name>.stack</name>
         <uninitialized>true</uninitialized>
         <run_address>0x20000600</run_address>
         <size>0x4</size>
         <input_file_ref idref="fl-c9"/>
      </object_component>
      <object_component id="oc-673">
         <name>.stack</name>
         <uninitialized>true</uninitialized>
         <run_address>0x20000600</run_address>
         <size>0x0</size>
      </object_component>
      <object_component id="oc-ca">
         <name>.debug_info</name>
         <load_address>0x0</load_address>
         <run_address>0x0</run_address>
         <size>0x586</size>
         <input_file_ref idref="fl-2"/>
      </object_component>
      <object_component id="oc-221">
         <name>.debug_info</name>
         <load_address>0x586</load_address>
         <run_address>0x586</run_address>
         <size>0x1dd</size>
         <input_file_ref idref="fl-2"/>
      </object_component>
      <object_component id="oc-a4">
         <name>.debug_info</name>
         <load_address>0x763</load_address>
         <run_address>0x763</run_address>
         <size>0x512</size>
         <input_file_ref idref="fl-2"/>
      </object_component>
      <object_component id="oc-164">
         <name>.debug_info</name>
         <load_address>0xc75</load_address>
         <run_address>0xc75</run_address>
         <size>0x66</size>
         <input_file_ref idref="fl-2"/>
      </object_component>
      <object_component id="oc-15f">
         <name>.debug_info</name>
         <load_address>0xcdb</load_address>
         <run_address>0xcdb</run_address>
         <size>0x118</size>
         <input_file_ref idref="fl-2"/>
      </object_component>
      <object_component id="oc-15a">
         <name>.debug_info</name>
         <load_address>0xdf3</load_address>
         <run_address>0xdf3</run_address>
         <size>0x5e</size>
         <input_file_ref idref="fl-2"/>
      </object_component>
      <object_component id="oc-77">
         <name>.debug_info</name>
         <load_address>0xe51</load_address>
         <run_address>0xe51</run_address>
         <size>0x26b</size>
         <input_file_ref idref="fl-2"/>
      </object_component>
      <object_component id="oc-c5">
         <name>.debug_info</name>
         <load_address>0x10bc</load_address>
         <run_address>0x10bc</run_address>
         <size>0x8b</size>
         <input_file_ref idref="fl-2"/>
      </object_component>
      <object_component id="oc-c0">
         <name>.debug_info</name>
         <load_address>0x1147</load_address>
         <run_address>0x1147</run_address>
         <size>0x2a4</size>
         <input_file_ref idref="fl-2"/>
      </object_component>
      <object_component id="oc-7c">
         <name>.debug_info</name>
         <load_address>0x13eb</load_address>
         <run_address>0x13eb</run_address>
         <size>0xbb</size>
         <input_file_ref idref="fl-2"/>
      </object_component>
      <object_component id="oc-3f0">
         <name>.debug_info</name>
         <load_address>0x14a6</load_address>
         <run_address>0x14a6</run_address>
         <size>0xcc</size>
         <input_file_ref idref="fl-2"/>
      </object_component>
      <object_component id="oc-328">
         <name>.debug_info</name>
         <load_address>0x1572</load_address>
         <run_address>0x1572</run_address>
         <size>0x2c</size>
         <input_file_ref idref="fl-2"/>
      </object_component>
      <object_component id="oc-1b8">
         <name>.debug_info</name>
         <load_address>0x159e</load_address>
         <run_address>0x159e</run_address>
         <size>0x5dd</size>
         <input_file_ref idref="fl-3"/>
      </object_component>
      <object_component id="oc-dd">
         <name>.debug_info</name>
         <load_address>0x1b7b</load_address>
         <run_address>0x1b7b</run_address>
         <size>0x4fd</size>
         <input_file_ref idref="fl-3"/>
      </object_component>
      <object_component id="oc-2ab">
         <name>.debug_info</name>
         <load_address>0x2078</load_address>
         <run_address>0x2078</run_address>
         <size>0xe5</size>
         <input_file_ref idref="fl-3"/>
      </object_component>
      <object_component id="oc-1fa">
         <name>.debug_info</name>
         <load_address>0x215d</load_address>
         <run_address>0x215d</run_address>
         <size>0x2cf</size>
         <input_file_ref idref="fl-4"/>
      </object_component>
      <object_component id="oc-1f7">
         <name>.debug_info</name>
         <load_address>0x242c</load_address>
         <run_address>0x242c</run_address>
         <size>0x101</size>
         <input_file_ref idref="fl-4"/>
      </object_component>
      <object_component id="oc-fd">
         <name>.debug_info</name>
         <load_address>0x252d</load_address>
         <run_address>0x252d</run_address>
         <size>0x1b5</size>
         <input_file_ref idref="fl-4"/>
      </object_component>
      <object_component id="oc-25e">
         <name>.debug_info</name>
         <load_address>0x26e2</load_address>
         <run_address>0x26e2</run_address>
         <size>0x3b5</size>
         <input_file_ref idref="fl-5"/>
      </object_component>
      <object_component id="oc-112">
         <name>.debug_info</name>
         <load_address>0x2a97</load_address>
         <run_address>0x2a97</run_address>
         <size>0x6fe</size>
         <input_file_ref idref="fl-5"/>
      </object_component>
      <object_component id="oc-32">
         <name>.debug_info</name>
         <load_address>0x3195</load_address>
         <run_address>0x3195</run_address>
         <size>0x2c8</size>
         <input_file_ref idref="fl-6"/>
      </object_component>
      <object_component id="oc-13">
         <name>.debug_info</name>
         <load_address>0x345d</load_address>
         <run_address>0x345d</run_address>
         <size>0x107</size>
         <input_file_ref idref="fl-6"/>
      </object_component>
      <object_component id="oc-2b">
         <name>.debug_info</name>
         <load_address>0x3564</load_address>
         <run_address>0x3564</run_address>
         <size>0x283</size>
         <input_file_ref idref="fl-6"/>
      </object_component>
      <object_component id="oc-39">
         <name>.debug_info</name>
         <load_address>0x37e7</load_address>
         <run_address>0x37e7</run_address>
         <size>0x84</size>
         <input_file_ref idref="fl-6"/>
      </object_component>
      <object_component id="oc-fa">
         <name>.debug_info</name>
         <load_address>0x386b</load_address>
         <run_address>0x386b</run_address>
         <size>0x13a</size>
         <input_file_ref idref="fl-c2"/>
      </object_component>
      <object_component id="oc-ee">
         <name>.debug_info</name>
         <load_address>0x39a5</load_address>
         <run_address>0x39a5</run_address>
         <size>0x13a</size>
         <input_file_ref idref="fl-c3"/>
      </object_component>
      <object_component id="oc-f3">
         <name>.debug_info</name>
         <load_address>0x3adf</load_address>
         <run_address>0x3adf</run_address>
         <size>0x139</size>
         <input_file_ref idref="fl-c4"/>
      </object_component>
      <object_component id="oc-ea">
         <name>.debug_info</name>
         <load_address>0x3c18</load_address>
         <run_address>0x3c18</run_address>
         <size>0x12e</size>
         <input_file_ref idref="fl-c5"/>
      </object_component>
      <object_component id="oc-95">
         <name>.debug_info</name>
         <load_address>0x3d46</load_address>
         <run_address>0x3d46</run_address>
         <size>0x2d4</size>
         <input_file_ref idref="fl-c6"/>
      </object_component>
      <object_component id="oc-52">
         <name>.debug_info</name>
         <load_address>0x401a</load_address>
         <run_address>0x401a</run_address>
         <size>0x1b5</size>
         <input_file_ref idref="fl-c6"/>
      </object_component>
      <object_component id="oc-90">
         <name>.debug_info</name>
         <load_address>0x41cf</load_address>
         <run_address>0x41cf</run_address>
         <size>0x46</size>
         <input_file_ref idref="fl-c6"/>
      </object_component>
      <object_component id="oc-d3">
         <name>.debug_info</name>
         <load_address>0x4215</load_address>
         <run_address>0x4215</run_address>
         <size>0x2c</size>
         <input_file_ref idref="fl-c6"/>
      </object_component>
      <object_component id="oc-49">
         <name>.debug_info</name>
         <load_address>0x4241</load_address>
         <run_address>0x4241</run_address>
         <size>0x2a8</size>
         <input_file_ref idref="fl-c7"/>
      </object_component>
      <object_component id="oc-1e">
         <name>.debug_info</name>
         <load_address>0x44e9</load_address>
         <run_address>0x44e9</run_address>
         <size>0x1ea</size>
         <input_file_ref idref="fl-c7"/>
      </object_component>
      <object_component id="oc-44">
         <name>.debug_info</name>
         <load_address>0x46d3</load_address>
         <run_address>0x46d3</run_address>
         <size>0x46</size>
         <input_file_ref idref="fl-c7"/>
      </object_component>
      <object_component id="oc-88">
         <name>.debug_info</name>
         <load_address>0x4719</load_address>
         <run_address>0x4719</run_address>
         <size>0x2c</size>
         <input_file_ref idref="fl-c7"/>
      </object_component>
      <object_component id="oc-86">
         <name>.debug_info</name>
         <load_address>0x4745</load_address>
         <run_address>0x4745</run_address>
         <size>0x29e</size>
         <input_file_ref idref="fl-c8"/>
      </object_component>
      <object_component id="oc-17">
         <name>.debug_info</name>
         <load_address>0x49e3</load_address>
         <run_address>0x49e3</run_address>
         <size>0x250</size>
         <input_file_ref idref="fl-c8"/>
      </object_component>
      <object_component id="oc-34">
         <name>.debug_info</name>
         <load_address>0x4c33</load_address>
         <run_address>0x4c33</run_address>
         <size>0x60</size>
         <input_file_ref idref="fl-c8"/>
      </object_component>
      <object_component id="oc-cc">
         <name>.debug_info</name>
         <load_address>0x4c93</load_address>
         <run_address>0x4c93</run_address>
         <size>0x46</size>
         <input_file_ref idref="fl-c8"/>
      </object_component>
      <object_component id="oc-81">
         <name>.debug_info</name>
         <load_address>0x4cd9</load_address>
         <run_address>0x4cd9</run_address>
         <size>0x39</size>
         <input_file_ref idref="fl-c8"/>
      </object_component>
      <object_component id="oc-25">
         <name>.debug_info</name>
         <load_address>0x4d12</load_address>
         <run_address>0x4d12</run_address>
         <size>0x10b</size>
         <input_file_ref idref="fl-c9"/>
      </object_component>
      <object_component id="oc-60">
         <name>.debug_info</name>
         <load_address>0x4e1d</load_address>
         <run_address>0x4e1d</run_address>
         <size>0x1a9</size>
         <input_file_ref idref="fl-c9"/>
      </object_component>
      <object_component id="oc-3f">
         <name>.debug_info</name>
         <load_address>0x4fc6</load_address>
         <run_address>0x4fc6</run_address>
         <size>0x119</size>
         <input_file_ref idref="fl-ca"/>
      </object_component>
      <object_component id="oc-97">
         <name>.debug_info</name>
         <load_address>0x50df</load_address>
         <run_address>0x50df</run_address>
         <size>0x147</size>
         <input_file_ref idref="fl-cb"/>
      </object_component>
      <object_component id="oc-26a">
         <name>.debug_info</name>
         <load_address>0x5226</load_address>
         <run_address>0x5226</run_address>
         <size>0x4b3</size>
         <input_file_ref idref="fl-cc"/>
      </object_component>
      <object_component id="oc-128">
         <name>.debug_info</name>
         <load_address>0x56d9</load_address>
         <run_address>0x56d9</run_address>
         <size>0x1a6</size>
         <input_file_ref idref="fl-cc"/>
      </object_component>
      <object_component id="oc-341">
         <name>.debug_info</name>
         <load_address>0x587f</load_address>
         <run_address>0x587f</run_address>
         <size>0x39</size>
         <input_file_ref idref="fl-cc"/>
      </object_component>
      <object_component id="oc-3f8">
         <name>.debug_info</name>
         <load_address>0x58b8</load_address>
         <run_address>0x58b8</run_address>
         <size>0x39</size>
         <input_file_ref idref="fl-cc"/>
      </object_component>
[...]
      </symbol>
      <symbol id="sm-331">
         <name>PushButtonInit</name>
         <value>0x1d6d</value>
         <object_component_ref idref="oc-102"/>
      </symbol>
      <symbol id="sm-332">
         <name>PushButtonEventRegister</name>
         <value>0x1dd5</value>
         <object_component_ref idref="oc-102"/>
      </symbol>
      <symbol id="sm-333">
         <name>PushButtonSetDebouncingDelay</name>
         <value>0x1def</value>
         <object_component_ref idref="oc-102"/>
      </symbol>
      <symbol id="sm-34d">
         <name>UartPutString</name>
         <value>0x2d37</value>
         <object_component_ref idref="oc-24a"/>
      </symbol>
      <symbol id="sm-34e">
         <name>UartPutChar</name>
         <value>0x2d13</value>
         <object_component_ref idref="oc-24a"/>
      </symbol>
      <symbol id="sm-34f">
         <name>UartGetChar</name>
         <value>0x2d25</value>
         <object_component_ref idref="oc-24a"/>
      </symbol>
      <symbol id="sm-350">
         <name>uprintf</name>
         <value>0x2d63</value>
         <object_component_ref idref="oc-24a"/>
      </symbol>
      <symbol id="sm-351">
         <name>UartInit</name>
         <value>0x2cd9</value>
         <object_component_ref idref="oc-24a"/>
      </symbol>
      <symbol id="sm-406">
         <name>GPIOIntRegister</name>
         <value>0x422d</value>
         <object_component_ref idref="oc-207"/>
      </symbol>
      <symbol id="sm-407">
         <name>GPIOPinConfigure</name>
         <value>0x3a11</value>
         <object_component_ref idref="oc-175"/>
      </symbol>
      <symbol id="sm-408">
         <name>GPIOIntEnable</name>
         <value>0x43f1</value>
         <object_component_ref idref="oc-219"/>
      </symbol>
      <symbol id="sm-409">
         <name>GPIOIntTypeSet</name>
         <value>0x380d</value>
         <object_component_ref idref="oc-20d"/>
      </symbol>
      <symbol id="sm-40a">
         <name>GPIOPinTypeGPIOInput</name>
         <value>0x42bb</value>
         <object_component_ref idref="oc-1fb"/>
      </symbol>
      <symbol id="sm-40b">
         <name>GPIOIntClear</name>
         <value>0x444d</value>
         <object_component_ref idref="oc-22c"/>
      </symbol>
      <symbol id="sm-40c">
         <name>GPIOPinTypeUART</name>
         <value>0x42e7</value>
         <object_component_ref idref="oc-307"/>
      </symbol>
      <symbol id="sm-40d">
         <name>GPIOPinTypeGPIOOutput</name>
         <value>0x41f9</value>
         <object_component_ref idref="oc-300"/>
      </symbol>
      <symbol id="sm-40e">
         <name>GPIOPinRead</name>
         <value>0x4453</value>
         <object_component_ref idref="oc-226"/>
      </symbol>
      <symbol id="sm-40f">
         <name>GPIODirModeSet</name>
         <value>0x4033</value>
         <object_component_ref idref="oc-251"/>
      </symbol>
      <symbol id="sm-410">
         <name>GPIOPinWrite</name>
         <value>0x4459</value>
         <object_component_ref idref="oc-257"/>
      </symbol>
      <symbol id="sm-411">
         <name>GPIOPadConfigSet</name>
         <value>0x1f05</value>
         <object_component_ref idref="oc-201"/>
      </symbol>
      <symbol id="sm-412">
         <name>GPIOPinTypeTimer</name>
         <value>0x42d1</value>
         <object_component_ref idref="oc-16f"/>
      </symbol>
      <symbol id="sm-454">
         <name>IntPrioritySet</name>
         <value>0x4105</value>
         <object_component_ref idref="oc-213"/>
      </symbol>
      <symbol id="sm-455">
         <name>IntEnable</name>
         <value>0x34f5</value>
         <object_component_ref idref="oc-29a"/>
      </symbol>
      <symbol id="sm-456">
         <name>IntRegister</name>
         <value>0x3ea1</value>
         <object_component_ref idref="oc-294"/>
      </symbol>
      <symbol id="sm-457">
         <name>g_pfnRAMVectors</name>
         <value>0x20000000</value>
         <object_component_ref idref="oc-374"/>
      </symbol>
      <symbol id="sm-4aa">
         <name>SysCtlClockSet</name>
         <value>0x2941</value>
         <object_component_ref idref="oc-23e"/>
      </symbol>
      <symbol id="sm-4ab">
         <name>SysCtlDelay</name>
         <value>0x445f</value>
         <object_component_ref idref="oc-23d"/>
      </symbol>
      <symbol id="sm-4ac">
         <name>SysCtlPeripheralEnable</name>
         <value>0x3ed5</value>
         <object_component_ref idref="oc-169"/>
      </symbol>
      <symbol id="sm-4ad">
         <name>SysCtlClockGet</name>
         <value>0x2409</value>
         <object_component_ref idref="oc-1bb"/>
      </symbol>
      <symbol id="sm-4da">
         <name>SysTickEnable</name>
         <value>0x4329</value>
         <object_component_ref idref="oc-1d3"/>
      </symbol>
      <symbol id="sm-4db">
         <name>SysTickIntRegister</name>
         <value>0x4189</value>
         <object_component_ref idref="oc-1c7"/>
      </symbol>
      <symbol id="sm-4dc">
         <name>SysTickIntEnable</name>
         <value>0x433d</value>
         <object_component_ref idref="oc-1cd"/>
      </symbol>
      <symbol id="sm-4dd">
         <name>SysTickPeriodSet</name>
         <value>0x43c5</value>
         <object_component_ref idref="oc-1c1"/>
      </symbol>
      <symbol id="sm-55a">
         <name>TimerMatchSet</name>
         <value>0x439f</value>
         <object_component_ref idref="oc-19f"/>
      </symbol>
      <symbol id="sm-55b">
         <name>TimerLoadSet</name>
         <value>0x438d</value>
         <object_component_ref idref="oc-199"/>
      </symbol>
      <symbol id="sm-55c">
         <name>TimerDisable</name>
         <value>0x4245</value>
         <object_component_ref idref="oc-18d"/>
      </symbol>
      <symbol id="sm-55d">
         <name>TimerIntRegister</name>
         <value>0x425d</value>
         <object_component_ref idref="oc-181"/>
      </symbol>
      <symbol id="sm-55e">
         <name>TimerEnable</name>
         <value>0x43d5</value>
         <object_component_ref idref="oc-1ab"/>
      </symbol>
      <symbol id="sm-55f">
         <name>TimerValueGet</name>
         <value>0x4415</value>
         <object_component_ref idref="oc-1b1"/>
      </symbol>
      <symbol id="sm-560">
         <name>TimerIntEnable</name>
         <value>0x4433</value>
         <object_component_ref idref="oc-187"/>
      </symbol>
      <symbol id="sm-561">
         <name>TimerConfigure</name>
         <value>0x3751</value>
         <object_component_ref idref="oc-193"/>
      </symbol>
      <symbol id="sm-562">
         <name>TimerControlEvent</name>
         <value>0x42fd</value>
         <object_component_ref idref="oc-17b"/>
      </symbol>
      <symbol id="sm-563">
         <name>TimerIntClear</name>
         <value>0x4465</value>
         <object_component_ref idref="oc-1a5"/>
      </symbol>
      <symbol id="sm-596">
         <name>UARTConfigSetExpClk</name>
         <value>0x3bd1</value>
         <object_component_ref idref="oc-30d"/>
      </symbol>
      <symbol id="sm-597">
         <name>UARTDisable</name>
         <value>0x4129</value>
         <object_component_ref idref="oc-3c0"/>
      </symbol>
      <symbol id="sm-598">
         <name>UARTCharPut</name>
         <value>0x4429</value>
         <object_component_ref idref="oc-313"/>
      </symbol>
      <symbol id="sm-599">
         <name>UARTEnable</name>
         <value>0x4351</value>
         <object_component_ref idref="oc-3c6"/>
      </symbol>
      <symbol id="sm-59a">
         <name>UARTCharGet</name>
         <value>0x441f</value>
         <object_component_ref idref="oc-319"/>
      </symbol>
      <symbol id="sm-5ca">
         <name>vsnprintf</name>
         <value>0x3db1</value>
         <object_component_ref idref="oc-31f"/>
      </symbol>
      <symbol id="sm-5d7">
         <name>__aeabi_uldivmod</name>
         <value>0x2faf</value>
         <object_component_ref idref="oc-238"/>
      </symbol>
      <symbol id="sm-5eb">
         <name>_abort_msg</name>
         <value>0x41a5</value>
         <object_component_ref idref="oc-1df"/>
      </symbol>
      <symbol id="sm-600">
         <name>__TI_tmpnams</name>
         <value>0x2000048c</value>
      </symbol>
      <symbol id="sm-601">
         <name>__aeabi_stdout</name>
         <value>0x200009c0</value>
         <object_component_ref idref="oc-3a0"/>
      </symbol>
      <symbol id="sm-602">
         <name>__aeabi_stderr</name>
         <value>0x200009c4</value>
         <object_component_ref idref="oc-3a0"/>
      </symbol>
      <symbol id="sm-603">
         <name>__aeabi_stdin</name>
         <value>0x200009bc</value>
         <object_component_ref idref="oc-3a0"/>
      </symbol>
      <symbol id="sm-604">
         <name>_ftable</name>
         <value>0x20000800</value>
         <object_component_ref idref="oc-2c9"/>
      </symbol>
      <symbol id="sm-605">
         <name>__TI_ft_end</name>
         <value>0x200009b8</value>
         <object_component_ref idref="oc-3a0"/>
      </symbol>
      <symbol id="sm-76a">
         <name>__TI_printfi</name>
         <value>0x26d</value>
         <object_component_ref idref="oc-3d0"/>
      </symbol>
      <symbol id="sm-78b">
         <name>__TI_doflush</name>
         <value>0x3aa9</value>
         <object_component_ref idref="oc-392"/>
      </symbol>
      <symbol id="sm-78c">
         <name>fflush</name>
         <value>0x31d5</value>
         <object_component_ref idref="oc-2c3"/>
      </symbol>
      <symbol id="sm-7aa">
         <name>fputs</name>
         <value>0x2521</value>
         <object_component_ref idref="oc-2bd"/>
      </symbol>
      <symbol id="sm-7c2">
         <name>__TI_wrt_ok</name>
         <value>0x368d</value>
         <object_component_ref idref="oc-380"/>
      </symbol>
      <symbol id="sm-7de">
         <name>setvbuf</name>
         <value>0x2bfd</value>
         <object_component_ref idref="oc-412"/>
      </symbol>
      <symbol id="sm-7e8">
         <name>__aeabi_idiv0</name>
         <value>0x1d6b</value>
         <object_component_ref idref="oc-2f9"/>
      </symbol>
      <symbol id="sm-7e9">
         <name>__aeabi_ldiv0</name>
         <value>0x1d6b</value>
         <object_component_ref idref="oc-2f9"/>
      </symbol>
      <symbol id="sm-800">
         <name>__aeabi_dsub</name>
         <value>0x1bb5</value>
         <object_component_ref idref="oc-4d4"/>
      </symbol>
      <symbol id="sm-801">
         <name>__aeabi_dadd</name>
         <value>0x1bbf</value>
         <object_component_ref idref="oc-4d4"/>
      </symbol>
      <symbol id="sm-823">
         <name>__aeabi_cdcmpeq</name>
         <value>0x3045</value>
         <object_component_ref idref="oc-440"/>
      </symbol>
      <symbol id="sm-824">
         <name>__aeabi_cdcmple</name>
         <value>0x3045</value>
         <object_component_ref idref="oc-440"/>
      </symbol>
      <symbol id="sm-825">
         <name>__aeabi_cdrcmple</name>
         <value>0x30cb</value>
         <object_component_ref idref="oc-4bf"/>
      </symbol>
      <symbol id="sm-82f">
         <name>__aeabi_d2iz</name>
         <value>0x3b89</value>
         <object_component_ref idref="oc-4c4"/>
      </symbol>
      <symbol id="sm-839">
         <name>__aeabi_i2d</name>
         <value>0x4005</value>
         <object_component_ref idref="oc-4cf"/>
      </symbol>
      <symbol id="sm-848">
         <name>__TI_ltoa</name>
         <value>0x396b</value>
         <object_component_ref idref="oc-4c9"/>
      </symbol>
      <symbol id="sm-85e">
         <name>atoi</name>
         <value>0x3af5</value>
         <object_component_ref idref="oc-434"/>
      </symbol>
      <symbol id="sm-869">
         <name>_ctypes_</name>
         <value>0x4470</value>
         <object_component_ref idref="oc-4b8"/>
      </symbol>
      <symbol id="sm-879">
         <name>memccpy</name>
         <value>0x41dd</value>
         <object_component_ref idref="oc-45d"/>
      </symbol>
      <symbol id="sm-889">
         <name>memchr</name>
         <value>0x4149</value>
         <object_component_ref idref="oc-38c"/>
      </symbol>
      <symbol id="sm-912">
         <name>_sys_memory</name>
         <value>0x20000a00</value>
         <object_component_ref idref="oc-27"/>
      </symbol>
      <symbol id="sm-913">
         <name>free</name>
         <value>0x2a35</value>
         <object_component_ref idref="oc-487"/>
      </symbol>
      <symbol id="sm-914">
         <name>memalign</name>
         <value>0x2745</value>
         <object_component_ref idref="oc-532"/>
      </symbol>
      <symbol id="sm-915">
         <name>malloc</name>
         <value>0x4445</value>
         <object_component_ref idref="oc-48d"/>
      </symbol>
      <symbol id="sm-916">
         <name>aligned_alloc</name>
         <value>0x2745</value>
         <object_component_ref idref="oc-532"/>
      </symbol>
      <symbol id="sm-926">
         <name>strchr</name>
         <value>0x4313</value>
         <object_component_ref idref="oc-500"/>
      </symbol>
      <symbol id="sm-934">
         <name>strlen</name>
         <value>0x4379</value>
         <object_component_ref idref="oc-386"/>
      </symbol>
      <symbol id="sm-94e">
         <name>write</name>
         <value>0x40dd</value>
         <object_component_ref idref="oc-398"/>
      </symbol>
      <symbol id="sm-95f">
         <name>_stream</name>
         <value>0x20000968</value>
         <object_component_ref idref="oc-41f"/>
      </symbol>
      <symbol id="sm-960">
         <name>_device</name>
         <value>0x200008f0</value>
         <object_component_ref idref="oc-4a6"/>
      </symbol>
      <symbol id="sm-976">
         <name>__aeabi_errno_addr</name>
         <value>0x443d</value>
         <object_component_ref idref="oc-469"/>
      </symbol>
      <symbol id="sm-977">
         <name>errno</name>
         <value>0x200009f8</value>
         <object_component_ref idref="oc-510"/>
      </symbol>
      <symbol id="sm-990">
         <name>wcslen</name>
         <value>0x43b1</value>
         <object_component_ref idref="oc-463"/>
      </symbol>
      <symbol id="sm-9b0">
         <name>frexpl</name>
         <value>0x35c5</value>
         <object_component_ref idref="oc-4f4"/>
      </symbol>
      <symbol id="sm-9b1">
         <name>frexp</name>
         <value>0x35c5</value>
         <object_component_ref idref="oc-4f4"/>
      </symbol>
      <symbol id="sm-9ce">
         <name>scalbn</name>
         <value>0x2635</value>
         <object_component_ref idref="oc-4fa"/>
      </symbol>
      <symbol id="sm-9cf">
         <name>scalbnl</name>
         <value>0x2635</value>
         <object_component_ref idref="oc-4fa"/>
      </symbol>
      <symbol id="sm-9d0">
         <name>ldexpl</name>
         <value>0x2635</value>
         <object_component_ref idref="oc-4fa"/>
      </symbol>
      <symbol id="sm-9d1">
         <name>ldexp</name>
         <value>0x2635</value>
         <object_component_ref idref="oc-4fa"/>
      </symbol>
      <symbol id="sm-9e1">
         <name>__TI_cleanup</name>
         <value>0x3f09</value>
         <object_component_ref idref="oc-493"/>
      </symbol>
      <symbol id="sm-9f3">
         <name>fseek</name>
         <value>0x3629</value>
         <object_component_ref idref="oc-40c"/>
      </symbol>
      <symbol id="sm-a04">
         <name>HOSTclose</name>
         <value>0x3c19</value>
         <object_component_ref idref="oc-548"/>
      </symbol>
      <symbol id="sm-a15">
         <name>HOSTlseek</name>
         <value>0x348d</value>
         <object_component_ref idref="oc-55a"/>
      </symbol>
      <symbol id="sm-a27">
         <name>parmbuf</name>
         <value>0x200005f0</value>
      </symbol>
      <symbol id="sm-a28">
         <name>HOSTopen</name>
         <value>0x36f1</value>
         <object_component_ref idref="oc-542"/>
      </symbol>
      <symbol id="sm-a39">
         <name>HOSTread</name>
         <value>0x3865</value>
         <object_component_ref idref="oc-54e"/>
      </symbol>
      <symbol id="sm-a4a">
         <name>HOSTrename</name>
         <value>0x3421</value>
         <object_component_ref idref="oc-566"/>
      </symbol>
      <symbol id="sm-a5b">
         <name>HOSTunlink</name>
         <value>0x3c5d</value>
         <object_component_ref idref="oc-560"/>
      </symbol>
      <symbol id="sm-a6c">
         <name>HOSTwrite</name>
         <value>0x38bd</value>
         <object_component_ref idref="oc-554"/>
      </symbol>
      <symbol id="sm-a90">
         <name>__TI_readmsg</name>
         <value>0x3f3d</value>
         <object_component_ref idref="oc-5c5"/>
      </symbol>
      <symbol id="sm-a91">
         <name>C$$IO$$</name>
         <value>0x3e5f</value>
         <object_component_ref idref="oc-5bf"/>
      </symbol>
      <symbol id="sm-a92">
         <name>__CIOBUF_</name>
         <value>0x2000026c</value>
         <object_component_ref idref="oc-600"/>
      </symbol>
      <symbol id="sm-a93">
         <name>__TI_writemsg</name>
         <value>0x3e31</value>
         <object_component_ref idref="oc-5bf"/>
      </symbol>
      <symbol id="sm-aa4">
         <name>lseek</name>
         <value>0x40b5</value>
         <object_component_ref idref="oc-47f"/>
      </symbol>
      <symbol id="sm-aae">
         <name>copysign</name>
         <value>0x4213</value>
         <object_component_ref idref="oc-586"/>
      </symbol>
      <symbol id="sm-aaf">
         <name>copysignl</name>
         <value>0x4213</value>
         <object_component_ref idref="oc-586"/>
      </symbol>
      <symbol id="sm-ac4">
         <name>__TI_closefile</name>
         <value>0x32cd</value>
         <object_component_ref idref="oc-539"/>
      </symbol>
      <symbol id="sm-ae7">
         <name>finddevice</name>
         <value>0x3fd5</value>
         <object_component_ref idref="oc-61e"/>
      </symbol>
      <symbol id="sm-ae8">
         <name>getdevice</name>
         <value>0x3d29</value>
         <object_component_ref idref="oc-5f6"/>
      </symbol>
      <symbol id="sm-af7">
         <name>strcmp</name>
         <value>0x428d</value>
         <object_component_ref idref="oc-635"/>
      </symbol>
      <symbol id="sm-b05">
         <name>strcpy</name>
         <value>0x4365</value>
         <object_component_ref idref="oc-5d9"/>
      </symbol>
      <symbol id="sm-b15">
         <name>strncpy</name>
         <value>0x3e69</value>
         <object_component_ref idref="oc-618"/>
      </symbol>
      <symbol id="sm-b2a">
         <name>close</name>
         <value>0x37b1</value>
         <object_component_ref idref="oc-5b0"/>
      </symbol>
      <symbol id="sm-b3a">
         <name>unlink</name>
         <value>0x4061</value>
         <object_component_ref idref="oc-5b6"/>
      </symbol>
      <symbol id="sm-b3b">
         <name>__TI_static_base__</name>
         <value>0x0</value>
      </symbol>
      <symbol id="sm-b3e">
         <name>__mpu_init</name>
         <value>0x0</value>
      </symbol>
      <symbol id="sm-b3f">
         <name>_system_post_cinit</name>
         <value>0x0</value>
      </symbol>
      <symbol id="sm-b40">
         <name>remove</name>
         <value>0x4061</value>
      </symbol>
   </symbol_table>
   <title>Link successful</title>
</link_info>
